Command: /home/marcos/.espressif/python_env/idf6.0_py3.12_env/bin/python /home/marcos/esp/esp-idf/tools/idf_monitor.py -p /dev/ttyACM0 -b 115200 --toolchain-prefix xtensa-esp32s3-elf- --target esp32s3 --revision 0 /home/marcos/esp/kyber-esp32/build/kyber-esp32.elf /home/marcos/esp/kyber-esp32/build/bootloader/bootloader.elf -m '/home/marcos/.espressif/python_env/idf6.0_py3.12_env/bin/python' '/home/marcos/esp/esp-idf/tools/idf.py' '-p' '/dev/ttyACM0'
ï¿½ theï¿½ESP-ROM:esp32s3-20210327
Build:Mar 27 2021
rst:0x1 (POWERON),boot:0x8 (SPI_FAST_FLASH_BOOT)
SPIWP:0xee
mode:DIO, clock div:1
load:0x3fce2820,len:0x1598
load:0x403c8700,len:0xd20
load:0x403cb700,len:0x2f40
entry 0x403c8924
[0;32mI (24) boot: ESP-IDF v6.0-dev-1362-g346870a304-dirty 2nd stage bootloader[0m
[0;32mI (25) boot: compile time Aug  4 2025 16:07:24[0m
[0;32mI (25) boot: Multicore bootloader[0m
[0;32mI (27) boot: chip revision: v0.2[0m
[0;32mI (30) boot: efuse block revision: v1.3[0m
[0;32mI (33) boot.esp32s3: Boot SPI Speed : 80MHz[0m
[0;32mI (37) boot.esp32s3: SPI Mode       : DIO[0m
[0;32mI (41) boot.esp32s3: SPI Flash Size : 2MB[0m
[0;32mI (45) boot: Enabling RNG early entropy source...[0m
[0;32mI (49) boot: Partition Table:[0m
[0;32mI (52) boot: ## Label            Usage          Type ST Offset   Length[0m
[0;32mI (58) boot:  0 nvs              WiFi data        01 02 00009000 00006000[0m
[0;32mI (65) boot:  1 phy_init         RF data          01 01 0000f000 00001000[0m
[0;32mI (71) boot:  2 factory          factory app      00 00 00010000 00100000[0m
[0;32mI (78) boot: End of partition table[0m
[0;32mI (81) esp_image: segment 0: paddr=00010020 vaddr=3c020020 size=0a11ch ( 41244) map[0m
[0;32mI (96) esp_image: segment 1: paddr=0001a144 vaddr=3fc92500 size=02cd4h ( 11476) load[0m
[0;32mI (98) esp_image: segment 2: paddr=0001ce20 vaddr=40374000 size=031f8h ( 12792) load[0m
[0;32mI (106) esp_image: segment 3: paddr=00020020 vaddr=42000020 size=149ech ( 84460) map[0m
[0;32mI (126) esp_image: segment 4: paddr=00034a14 vaddr=403771f8 size=0b2ach ( 45740) load[0m
[0;32mI (136) esp_image: segment 5: paddr=0003fcc8 vaddr=50000000 size=00020h (    32) load[0m
[0;32mI (142) boot: Loaded app from partition at offset 0x10000[0m
[0;32mI (142) boot: Disabling RNG early entropy source...[0m
[0;32mI (154) cpu_start: Multicore app[0m
[0;32mI (163) cpu_start: Pro cpu start user code[0m
[0;32mI (163) cpu_start: cpu freq: 160000000 Hz[0m
[0;32mI (163) app_init: Application information:[0m
[0;32mI (163) app_init: Project name:     kyber-esp32[0m
[0;32mI (167) app_init: App version:      bde7ca9-dirty[0m
[0;32mI (172) app_init: Compile time:     Aug  4 2025 16:07:21[0m
[0;32mI (177) app_init: ELF file SHA256:  4a7084576...[0m
[0;32mI (181) app_init: ESP-IDF:          v6.0-dev-1362-g346870a304-dirty[0m
[0;32mI (187) efuse_init: Min chip rev:     v0.0[0m
[0;32mI (191) efuse_init: Max chip rev:     v0.99 [0m
[0;32mI (195) efuse_init: Chip rev:         v0.2[0m
[0;32mI (199) heap_init: Initializing. RAM available for dynamic allocation:[0m
[0;32mI (205) heap_init: At 3FC95AA8 len 00053C68 (335 KiB): RAM[0m
[0;32mI (210) heap_init: At 3FCE9710 len 00005724 (21 KiB): RAM[0m
[0;32mI (215) heap_init: At 3FCF0000 len 00008000 (32 KiB): DRAM[0m
[0;32mI (220) heap_init: At 600FE000 len 00001FE8 (7 KiB): RTCRAM[0m
[0;32mI (227) spi_flash: detected chip: generic[0m
[0;32mI (229) spi_flash: flash io: dio[0m
[0;33mW (232) spi_flash: Detected size(16384k) larger than the size in the binary image header(2048k). Using the size in the binary image header.[0m
[0;32mI (245) sleep_gpio: Configure to isolate all GPIO pins in sleep state[0m
[0;32mI (251) sleep_gpio: Enable automatic switching of GPIO sleep configuration[0m
[0;32mI (258) main_task: Started on CPU0[0m
[0;32mI (278) main_task: Calling app_main()[0m
[0;32mI (278) KYBER: Generating noise polynomials for Kyber512...[0m

abort() was called at PC 0x4200a365 on core 0


Backtrace: 0x40379559:0x3fc974b0 0x40379521:0x3fc974d0 0x4037fd7d:0x3fc974f0 0x4200a365:0x3fc97560 0x42008fb5:0x3fc97580 0x420142c5:0x3fc98380 0x40379f69:0x3fc983b0




ELF file SHA256: 4a7084576

Rebooting...
ï¿½ï¿½ï¿½ESP-ROM:esp32s3-20210327
Build:Mar 27 2021
rst:0xc (RTC_SW_CPU_RST),boot:0x8 (SPI_FAST_FLASH_BOOT)
Saved PC:0x403796a9
SPIWP:0xee
mode:DIO, clock div:1
load:0x3fce2820,len:0x1598
load:0x403c8700,len:0xd20
load:0x403cb700,len:0x2f40
entry 0x403c8924
[0;32mI (29) boot: ESP-IDF v6.0-dev-1362-g346870a304-dirty 2nd stage bootloader[0m
[0;32mI (29) boot: compile time Aug  4 2025 16:07:24[0m
[0;32mI (29) boot: Multicore bootloader[0m
[0;32mI (32) boot: chip revision: v0.2[0m
[0;32mI (34) boot: efuse block revision: v1.3[0m
[0;32mI (38) boot.esp32s3: Boot SPI Speed : 80MHz[0m
[0;32mI (42) boot.esp32s3: SPI Mode       : DIO[0m
[0;32mI (45) boot.esp32s3: SPI Flash Size : 2MB[0m
[0;32mI (49) boot: Enabling RNG early entropy source...[0m
[0;32mI (54) boot: Partition Table:[0m
[0;32mI (56) boot: ## Label            Usage          Type ST Offset   Length[0m
[0;32mI (63) boot:  0 nvs              WiFi data        01 02 00009000 00006000[0m
[0;32mI (69) boot:  1 phy_init         RF data          01 01 0000f000 00001000[0m
[0;32mI (76) boot:  2 factory          factory app      00 00 00010000 00100000[0m
[0;32mI (82) boot: End of partition table[0m
[0;32mI (86) esp_image: segment 0: paddr=00010020 vaddr=3c020020 size=0a11ch ( 41244) map[0m
[0;32mI (100) esp_image: segment 1: paddr=0001a144 vaddr=3fc92500 size=02cd4h ( 11476) load[0m
[0;32mI (103) esp_image: segment 2: paddr=0001ce20 vaddr=40374000 size=031f8h ( 12792) load[0m
[0;32mI (111) esp_image: segment 3: paddr=00020020 vaddr=42000020 size=149ech ( 84460) map[0m
[0;32mI (130) esp_image: segment 4: paddr=00034a14 vaddr=403771f8 size=0b2ach ( 45740) load[0m
[0;32mI (141) esp_image: segment 5: paddr=0003fcc8 vaddr=50000000 size=00020h (    32) load[0m
[0;32mI (147) boot: Loaded app from partition at offset 0x10000[0m
[0;32mI (147) boot: Disabling RNG early entropy source...[0m
[0;32mI (158) cpu_start: Multicore app[0m
[0;32mI (167) cpu_start: Pro cpu start user code[0m
[0;32mI (167) cpu_start: cpu freq: 160000000 Hz[0m
[0;32mI (167) app_init: Application information:[0m
[0;32mI (168) app_init: Project name:     kyber-esp32[0m
[0;32mI (172) app_init: App version:      bde7ca9-dirty[0m
[0;32mI (176) app_init: Compile time:     Aug  4 2025 16:07:21[0m
[0;32mI (181) app_init: ELF file SHA256:  4a7084576...[0m
[0;32mI (186) app_init: ESP-IDF:          v6.0-dev-1362-g346870a304-dirty[0m
[0;32mI (192) efuse_init: Min chip rev:     v0.0[0m
[0;32mI (195) efuse_init: Max chip rev:     v0.99 [0m
[0;32mI (199) efuse_init: Chip rev:         v0.2[0m
[0;32mI (203) heap_init: Initializing. RAM available for dynamic allocation:[0m
[0;32mI (210) heap_init: At 3FC95AA8 len 00053C68 (335 KiB): RAM[0m
[0;32mI (215) heap_init: At 3FCE9710 len 00005724 (21 KiB): RAM[0m
[0;32mI (220) heap_init: At 3FCF0000 len 00008000 (32 KiB): DRAM[0m
[0;32mI (225) heap_init: At 600FE000 len 00001FE8 (7 KiB): RTCRAM[0m
[0;32mI (231) spi_flash: detected chip: generic[0m
[0;32mI (234) spi_flash: flash io: dio[0m
[0;33mW (237) spi_flash: Detected size(16384k) larger than the size in the binary image header(2048k). Using the size in the binary image header.[0m
[0;32mI (249) sleep_gpio: Configure to isolate all GPIO pins in sleep state[0m
[0;32mI (256) sleep_gpio: Enable automatic switching of GPIO sleep configuration[0m
[0;32mI (263) main_task: Started on CPU0[0m
[0;32mI (283) main_task: Calling app_main()[0m
[0;32mI (283) KYBER: Generating noise polynomials for Kyber512...[0m

abort() was called at PC 0x4200a365 on core 0


Backtrace: 0x40379559:0x3fc974b0 0x40379521:0x3fc974d0 0x4037fd7d:0x3fc974f0 0x4200a365:0x3fc97560 0x42008fb5:0x3fc97580 0x420142c5:0x3fc98380 0x40379f69:0x3fc983b0




ELF file SHA256: 4a7084576

Rebooting...
ï¿½ï¿½ï¿½ESP-ROM:esp32s3-20210327
Build:Mar 27 2021
rst:0xc (RTC_SW_CPU_RST),boot:0x8 (SPI_FAST_FLASH_BOOT)
Saved PC:0x403796a9
SPIWP:0xee
mode:DIO, clock div:1
load:0x3fce2820,len:0x1598
load:0x403c8700,len:0xd20
load:0x403cb700,len:0x2f40
entry 0x403c8924
[0;32mI (29) boot: ESP-IDF v6.0-dev-1362-g346870a304-dirty 2nd stage bootloader[0m
[0;32mI (29) boot: compile time Aug  4 2025 16:07:24[0m
[0;32mI (29) boot: Multicore bootloader[0m
[0;32mI (32) boot: chip revision: v0.2[0m
[0;32mI (34) boot: efuse block revision: v1.3[0m
[0;32mI (38) boot.esp32s3: Boot SPI Speed : 80MHz[0m
[0;32mI (42) boot.esp32s3: SPI Mode       : DIO[0m
[0;32mI (45) boot.esp32s3: SPI Flash Size : 2MB[0m
[0;32mI (49) boot: Enabling RNG early entropy source...[0m
[0;32mI (54) boot: Partition Table:[0m
[0;32mI (56) boot: ## Label            Usage          Type ST Offset   Length[0m
[0;32mI (63) boot:  0 nvs              WiFi data        01 02 00009000 00006000[0m
[0;32mI (69) boot:  1 phy_init         RF data          01 01 0000f000 00001000[0m
[0;32mI (76) boot:  2 factory          factory app      00 00 00010000 00100000[0m
[0;32mI (82) boot: End of partition table[0m
[0;32mI (86) esp_image: segment 0: paddr=00010020 vaddr=3c020020 size=0a11ch ( 41244) map[0m
[0;32mI (100) esp_image: segment 1: paddr=0001a144 vaddr=3fc92500 size=02cd4h ( 11476) load[0m
[0;32mI (103) esp_image: segment 2: paddr=0001ce20 vaddr=40374000 size=031f8h ( 12792) load[0m
[0;32mI (111) esp_image: segment 3: paddr=00020020 vaddr=42000020 size=149ech ( 84460) map[0m
[0;32mI (130) esp_image: segment 4: paddr=00034a14 vaddr=403771f8 size=0b2ach ( 45740) load[0m
[0;32mI (141) esp_image: segment 5: paddr=0003fcc8 vaddr=50000000 size=00020h (    32) load[0m
[0;32mI (147) boot: Loaded app from partition at offset 0x10000[0m
[0;32mI (147) boot: Disabling RNG early entropy source...[0m
[0;32mI (158) cpu_start: Multicore app[0m
[0;32mI (167) cpu_start: Pro cpu start user code[0m
[0;32mI (167) cpu_start: cpu freq: 160000000 Hz[0m
[0;32mI (167) app_init: Application information:[0m
[0;32mI (168) app_init: Project name:     kyber-esp32[0m
[0;32mI (172) app_init: App version:      bde7ca9-dirty[0m
[0;32mI (176) app_init: Compile time:     Aug  4 2025 16:07:21[0m
[0;32mI (181) app_init: ELF file SHA256:  4a7084576...[0m
[0;32mI (186) app_init: ESP-IDF:          v6.0-dev-1362-g346870a304-dirty[0m
[0;32mI (192) efuse_init: Min chip rev:     v0.0[0m
[0;32mI (195) efuse_init: Max chip rev:     v0.99 [0m
[0;32mI (199) efuse_init: Chip rev:         v0.2[0m
[0;32mI (203) heap_init: Initializing. RAM available for dynamic allocation:[0m
[0;32mI (210) heap_init: At 3FC95AA8 len 00053C68 (335 KiB): RAM[0m
[0;32mI (215) heap_init: At 3FCE9710 len 00005724 (21 KiB): RAM[0m
[0;32mI (220) heap_init: At 3FCF0000 len 00008000 (32 KiB): DRAM[0m
[0;32mI (225) heap_init: At 600FE000 len 00001FE8 (7 KiB): RTCRAM[0m
[0;32mI (231) spi_flash: detected chip: generic[0m
[0;32mI (234) spi_flash: flash io: dio[0m
[0;33mW (237) spi_flash: Detected size(16384k) larger than the size in the binary image header(2048k). Using the size in the binary image header.[0m
[0;32mI (249) sleep_gpio: Configure to isolate all GPIO pins in sleep state[0m
[0;32mI (256) sleep_gpio: Enable automatic switching of GPIO sleep configuration[0m
[0;32mI (263) main_task: Started on CPU0[0m
[0;32mI (283) main_task: Calling app_main()[0m
[0;32mI (283) KYBER: Generating noise polynomials for Kyber512...[0m

abort() was called at PC 0x4200a365 on core 0


Backtrace: 0x40379559:0x3fc974b0 0x40379521:0x3fc974d0 0x4037fd7d:0x3fc974f0 0x4200a365:0x3fc97560 0x42008fb5:0x3fc97580 0x420142c5:0x3fc98380 0x40379f69:0x3fc983b0




ELF file SHA256: 4a7084576

Rebooting...
ï¿½ï¿½ï¿½ESP-ROM:esp32s3-20210327
Build:Mar 27 2021
rst:0xc (RTC_SW_CPU_RST),boot:0x8 (SPI_FAST_FLASH_BOOT)
Saved PC:0x403796a9
SPIWP:0xee
mode:DIO, clock div:1
load:0x3fce2820,len:0x1598
load:0x403c8700,len:0xd20
load:0x403cb700,len:0x2f40
entry 0x403c8924
[0;32mI (29) boot: ESP-IDF v6.0-dev-1362-g346870a304-dirty 2nd stage bootloader[0m
[0;32mI (29) boot: compile time Aug  4 2025 16:07:24[0m
[0;32mI (29) boot: Multicore bootloader[0m
[0;32mI (32) boot: chip revision: v0.2[0m
[0;32mI (34) boot: efuse block revision: v1.3[0m
[0;32mI (38) boot.esp32s3: Boot SPI Speed : 80MHz[0m
[0;32mI (42) boot.esp32s3: SPI Mode       : DIO[0m
[0;32mI (45) boot.esp32s3: SPI Flash Size : 2MB[0m
[0;32mI (49) boot: Enabling RNG early entropy source...[0m
[0;32mI (54) boot: Partition Table:[0m
[0;32mI (56) boot: ## Label            Usage          Type ST Offset   Length[0m
[0;32mI (63) boot:  0 nvs              WiFi data        01 02 00009000 00006000[0m
[0;32mI (69) boot:  1 phy_init         RF data          01 01 0000f000 00001000[0m
[0;32mI (76) boot:  2 factory          factory app      00 00 00010000 00100000[0m
[0;32mI (82) boot: End of partition table[0m
[0;32mI (86) esp_image: segment 0: paddr=00010020 vaddr=3c020020 size=0a11ch ( 41244) map[0m
[0;32mI (100) esp_image: segment 1: paddr=0001a144 vaddr=3fc92500 size=02cd4h ( 11476) load[0m
[0;32mI (103) esp_image: segment 2: paddr=0001ce20 vaddr=40374000 size=031f8h ( 12792) load[0m
[0;32mI (111) esp_image: segment 3: paddr=00020020 vaddr=42000020 size=149ech ( 84460) map[0m
[0;32mI (130) esp_image: segment 4: paddr=00034a14 vaddr=403771f8 size=0b2ach ( 45740) load[0m
[0;32mI (141) esp_image: segment 5: paddr=0003fcc8 vaddr=50000000 size=00020h (    32) load[0m
[0;32mI (147) boot: Loaded app from partition at offset 0x10000[0m
[0;32mI (147) boot: Disabling RNG early entropy source...[0m
[0;32mI (158) cpu_start: Multicore app[0m
[0;32mI (167) cpu_start: Pro cpu start user code[0m
[0;32mI (167) cpu_start: cpu freq: 160000000 Hz[0m
[0;32mI (167) app_init: Application information:[0m
[0;32mI (168) app_init: Project name:     kyber-esp32[0m
[0;32mI (172) app_init: App version:      bde7ca9-dirty[0m
[0;32mI (176) app_init: Compile time:     Aug  4 2025 16:07:21[0m
[0;32mI (181) app_init: ELF file SHA256:  4a7084576...[0m
[0;32mI (186) app_init: ESP-IDF:          v6.0-dev-1362-g346870a304-dirty[0m
[0;32mI (192) efuse_init: Min chip rev:     v0.0[0m
[0;32mI (195) efuse_init: Max chip rev:     v0.99 [0m
[0;32mI (199) efuse_init: Chip rev:         v0.2[0m
[0;32mI (203) heap_init: Initializing. RAM available for dynamic allocation:[0m
[0;32mI (210) heap_init: At 3FC95AA8 len 00053C68 (335 KiB): RAM[0m
[0;32mI (215) heap_init: At 3FCE9710 len 00005724 (21 KiB): RAM[0m
[0;32mI (220) heap_init: At 3FCF0000 len 00008000 (32 KiB): DRAM[0m
[0;32mI (225) heap_init: At 600FE000 len 00001FE8 (7 KiB): RTCRAM[0m
[0;32mI (231) spi_flash: detected chip: generic[0m
[0;32mI (234) spi_flash: flash io: dio[0m
[0;33mW (237) spi_flash: Detected size(16384k) larger than the size in the binary image header(2048k). Using the size in the binary image header.[0m
[0;32mI (249) sleep_gpio: Configure to isolate all GPIO pins in sleep state[0m
[0;32mI (256) sleep_gpio: Enable automatic switching of GPIO sleep configuration[0m
[0;32mI (263) main_task: Started on CPU0[0m
[0;32mI (283) main_task: Calling app_main()[0m
[0;32mI (283) KYBER: Generating noise polynomials for Kyber512...[0m

abort() was called at PC 0x4200a365 on core 0


Backtrace: 0x40379559:0x3fc974b0 0x40379521:0x3fc974d0 0x4037fd7d:0x3fc974f0 0x4200a365:0x3fc97560 0x42008fb5:0x3fc97580 0x420142c5:0x3fc98380 0x40379f69:0x3fc983b0




ELF file SHA256: 4a7084576

Rebooting...
ï¿½ï¿½ï¿½ESP-ROM:esp32s3-20210327
Build:Mar 27 2021
rst:0xc (RTC_SW_CPU_RST),boot:0x8 (SPI_FAST_FLASH_BOOT)
Saved PC:0x403796a9
SPIWP:0xee
mode:DIO, clock div:1
load:0x3fce2820,len:0x1598
load:0x403c8700,len:0xd20
load:0x403cb700,len:0x2f40
entry 0x403c8924
[0;32mI (29) boot: ESP-IDF v6.0-dev-1362-g346870a304-dirty 2nd stage bootloader[0m
[0;32mI (29) boot: compile time Aug  4 2025 16:07:24[0m
[0;32mI (29) boot: Multicore bootloader[0m
[0;32mI (32) boot: chip revision: v0.2[0m
[0;32mI (34) boot: efuse block revision: v1.3[0m
[0;32mI (38) boot.esp32s3: Boot SPI Speed : 80MHz[0m
[0;32mI (42) boot.esp32s3: SPI Mode       : DIO[0m
[0;32mI (45) boot.esp32s3: SPI Flash Size : 2MB[0m
[0;32mI (49) boot: Enabling RNG early entropy source...[0m
[0;32mI (54) boot: Partition Table:[0m
[0;32mI (56) boot: ## Label            Usage          Type ST Offset   Length[0m
[0;32mI (63) boot:  0 nvs              WiFi data        01 02 00009000 00006000[0m
[0;32mI (69) boot:  1 phy_init         RF data          01 01 0000f000 00001000[0m
[0;32mI (76) boot:  2 factory          factory app      00 00 00010000 00100000[0m
[0;32mI (82) boot: End of partition table[0m
[0;32mI (86) esp_image: segment 0: paddr=00010020 vaddr=3c020020 size=0a11ch ( 41244) map[0m
[0;32mI (100) esp_image: segment 1: paddr=0001a144 vaddr=3fc92500 size=02cd4h ( 11476) load[0m
[0;32mI (103) esp_image: segment 2: paddr=0001ce20 vaddr=40374000 size=031f8h ( 12792) load[0m
[0;32mI (111) esp_image: segment 3: paddr=00020020 vaddr=42000020 size=149ech ( 84460) map[0m
[0;32mI (130) esp_image: segment 4: paddr=00034a14 vaddr=403771f8 size=0b2ach ( 45740) load[0m
[0;32mI (141) esp_image: segment 5: paddr=0003fcc8 vaddr=50000000 size=00020h (    32) load[0m
[0;32mI (147) boot: Loaded app from partition at offset 0x10000[0m
[0;32mI (147) boot: Disabling RNG early entropy source...[0m
[0;32mI (158) cpu_start: Multicore app[0m
[0;32mI (167) cpu_start: Pro cpu start user code[0m
[0;32mI (167) cpu_start: cpu freq: 160000000 Hz[0m
[0;32mI (167) app_init: Application information:[0m
[0;32mI (168) app_init: Project name:     kyber-esp32[0m
[0;32mI (172) app_init: App version:      bde7ca9-dirty[0m
[0;32mI (176) app_init: Compile time:     Aug  4 2025 16:07:21[0m
[0;32mI (181) app_init: ELF file SHA256:  4a7084576...[0m
[0;32mI (186) app_init: ESP-IDF:          v6.0-dev-1362-g346870a304-dirty[0m
[0;32mI (192) efuse_init: Min chip rev:     v0.0[0m
[0;32mI (195) efuse_init: Max chip rev:     v0.99 [0m
[0;32mI (199) efuse_init: Chip rev:         v0.2[0m
[0;32mI (203) heap_init: Initializing. RAM available for dynamic allocation:[0m
[0;32mI (210) heap_init: At 3FC95AA8 len 00053C68 (335 KiB): RAM[0m
[0;32mI (215) heap_init: At 3FCE9710 len 00005724 (21 KiB): RAM[0m
[0;32mI (220) heap_init: At 3FCF0000 len 00008000 (32 KiB): DRAM[0m
[0;32mI (225) heap_init: At 600FE000 len 00001FE8 (7 KiB): RTCRAM[0m
[0;32mI (231) spi_flash: detected chip: generic[0m
[0;32mI (234) spi_flash: flash io: dio[0m
[0;33mW (237) spi_flash: Detected size(16384k) larger than the size in the binary image header(2048k). Using the size in the binary image header.[0m
[0;32mI (249) sleep_gpio: Configure to isolate all GPIO pins in sleep state[0m
[0;32mI (256) sleep_gpio: Enable automatic switching of GPIO sleep configuration[0m
[0;32mI (263) main_task: Started on CPU0[0m
[0;32mI (283) main_task: Calling app_main()[0m
[0;32mI (283) KYBER: Generating noise polynomials for Kyber512...[0m

abort() was called at PC 0x4200a365 on core 0


Backtrace: 0x40379559:0x3fc974b0 0x40379521:0x3fc974d0 0x4037fd7d:0x3fc974f0 0x4200a365:0x3fc97560 0x42008fb5:0x3fc97580 0x420142c5:0x3fc98380 0x40379f69:0x3fc983b0




ELF file SHA256: 4a7084576

Rebooting...
ï¿½ï¿½ï¿½ESP-ROM:esp32s3-20210327
Build:Mar 27 2021
rst:0xc (RTC_SW_CPU_RST),boot:0x8 (SPI_FAST_FLASH_BOOT)
Saved PC:0x403796a9
SPIWP:0xee
mode:DIO, clock div:1
load:0x3fce2820,len:0x1598
load:0x403c8700,len:0xd20
load:0x403cb700,len:0x2f40
entry 0x403c8924
[0;32mI (29) boot: ESP-IDF v6.0-dev-1362-g346870a304-dirty 2nd stage bootloader[0m
[0;32mI (29) boot: compile time Aug  4 2025 16:07:24[0m
[0;32mI (29) boot: Multicore bootloader[0m
[0;32mI (32) boot: chip revision: v0.2[0m
[0;32mI (34) boot: efuse block revision: v1.3[0m
[0;32mI (38) boot.esp32s3: Boot SPI Speed : 80MHz[0m
[0;32mI (42) boot.esp32s3: SPI Mode       : DIO[0m
[0;32mI (45) boot.esp32s3: SPI Flash Size : 2MB[0m
[0;32mI (49) boot: Enabling RNG early entropy source...[0m
[0;32mI (54) boot: Partition Table:[0m
[0;32mI (56) boot: ## Label            Usage          Type ST Offset   Length[0m
[0;32mI (63) boot:  0 nvs              WiFi data        01 02 00009000 00006000[0m
[0;32mI (69) boot:  1 phy_init         RF data          01 01 0000f000 00001000[0m
[0;32mI (76) boot:  2 factory          factory app      00 00 00010000 00100000[0m
[0;32mI (82) boot: End of partition table[0m
[0;32mI (86) esp_image: segment 0: paddr=00010020 vaddr=3c020020 size=0a11ch ( 41244) map[0m
[0;32mI (100) esp_image: segment 1: paddr=0001a144 vaddr=3fc92500 size=02cd4h ( 11476) load[0m
[0;32mI (103) esp_image: segment 2: paddr=0001ce20 vaddr=40374000 size=031f8h ( 12792) load[0m
[0;32mI (111) esp_image: segment 3: paddr=00020020 vaddr=42000020 size=149ech ( 84460) map[0m
[0;32mI (130) esp_image: segment 4: paddr=00034a14 vaddr=403771f8 size=0b2ach ( 45740) load[0m
[0;32mI (141) esp_image: segment 5: paddr=0003fcc8 vaddr=50000000 size=00020h (    32) load[0m
[0;32mI (147) boot: Loaded app from partition at offset 0x10000[0m
[0;32mI (147) boot: Disabling RNG early entropy source...[0m
[0;32mI (158) cpu_start: Multicore app[0m
[0;32mI (167) cpu_start: Pro cpu start user code[0m
[0;32mI (167) cpu_start: cpu freq: 160000000 Hz[0m
[0;32mI (167) app_init: Application information:[0m
[0;32mI (168) app_init: Project name:     kyber-esp32[0m
[0;32mI (172) app_init: App version:      bde7ca9-dirty[0m
[0;32mI (176) app_init: Compile time:     Aug  4 2025 16:07:21[0m
[0;32mI (181) app_init: ELF file SHA256:  4a7084576...[0m
[0;32mI (186) app_init: ESP-IDF:          v6.0-dev-1362-g346870a304-dirty[0m
[0;32mI (192) efuse_init: Min chip rev:     v0.0[0m
[0;32mI (195) efuse_init: Max chip rev:     v0.99 [0m
[0;32mI (199) efuse_init: Chip rev:         v0.2[0m
[0;32mI (203) heap_init: Initializing. RAM available for dynamic allocation:[0m
[0;32mI (210) heap_init: At 3FC95AA8 len 00053C68 (335 KiB): RAM[0m
[0;32mI (215) heap_init: At 3FCE9710 len 00005724 (21 KiB): RAM[0m
[0;32mI (220) heap_init: At 3FCF0000 len 00008000 (32 KiB): DRAM[0m
[0;32mI (225) heap_init: At 600FE000 len 00001FE8 (7 KiB): RTCRAM[0m
[0;32mI (231) spi_flash: detected chip: generic[0m
[0;32mI (234) spi_flash: flash io: dio[0m
[0;33mW (237) spi_flash: Detected size(16384k) larger than the size in the binary image header(2048k). Using the size in the binary image header.[0m
[0;32mI (249) sleep_gpio: Configure to isolate all GPIO pins in sleep state[0m
[0;32mI (256) sleep_gpio: Enable automatic switching of GPIO sleep configuration[0m
[0;32mI (263) main_task: Started on CPU0[0m
[0;32mI (283) main_task: Calling app_main()[0m
[0;32mI (283) KYBER: Generating noise polynomials for Kyber512...[0m

abort() was called at PC 0x4200a365 on core 0


Backtrace: 0x40379559:0x3fc974b0 0x40379521:0x3fc974d0 0x4037fd7d:0x3fc974f0 0x4200a365:0x3fc97560 0x42008fb5:0x3fc97580 0x420142c5:0x3fc98380 0x40379f69:0x3fc983b0




ELF file SHA256: 4a7084576

Rebooting...
ï¿½ï¿½ï¿½ESP-ROM:esp32s3-20210327
Build:Mar 27 2021
rst:0xc (RTC_SW_CPU_RST),boot:0x8 (SPI_FAST_FLASH_BOOT)
Saved PC:0x403796a9
SPIWP:0xee
mode:DIO, clock div:1
load:0x3fce2820,len:0x1598
load:0x403c8700,len:0xd20
load:0x403cb700,len:0x2f40
entry 0x403c8924
[0;32mI (29) boot: ESP-IDF v6.0-dev-1362-g346870a304-dirty 2nd stage bootloader[0m
[0;32mI (29) boot: compile time Aug  4 2025 16:07:24[0m
[0;32mI (29) boot: Multicore bootloader[0m
[0;32mI (32) boot: chip revision: v0.2[0m
[0;32mI (34) boot: efuse block revision: v1.3[0m
[0;32mI (38) boot.esp32s3: Boot SPI Speed : 80MHz[0m
[0;32mI (42) boot.esp32s3: SPI Mode       : DIO[0m
[0;32mI (45) boot.esp32s3: SPI Flash Size : 2MB[0m
[0;32mI (49) boot: Enabling RNG early entropy source...[0m
[0;32mI (54) boot: Partition Table:[0m
[0;32mI (56) boot: ## Label            Usage          Type ST Offset   Length[0m
[0;32mI (63) boot:  0 nvs              WiFi data        01 02 00009000 00006000[0m
[0;32mI (69) boot:  1 phy_init         RF data          01 01 0000f000 00001000[0m
[0;32mI (76) boot:  2 factory          factory app      00 00 00010000 00100000[0m
[0;32mI (82) boot: End of partition table[0m
[0;32mI (86) esp_image: segment 0: paddr=00010020 vaddr=3c020020 size=0a11ch ( 41244) map[0m
[0;32mI (100) esp_image: segment 1: paddr=0001a144 vaddr=3fc92500 size=02cd4h ( 11476) load[0m
