Command: /home/marcos/.espressif/python_env/idf6.0_py3.12_env/bin/python /home/marcos/esp/esp-idf/tools/idf_monitor.py -p /dev/ttyACM0 -b 115200 --toolchain-prefix xtensa-esp32s3-elf- --target esp32s3 --revision 0 /home/marcos/esp/kyber-esp32/build/kyber-esp32.elf /home/marcos/esp/kyber-esp32/build/bootloader/bootloader.elf -m '/home/marcos/.espressif/python_env/idf6.0_py3.12_env/bin/python' '/home/marcos/esp/esp-idf/tools/idf.py' '-p' '/dev/ttyACM0'
ÔøΩ’ÅÔøΩESP-ROM:esp32s3-20210327
Build:Mar 27 2021
rst:0x1 (POWERON),boot:0x8 (SPI_FAST_FLASH_BOOT)
SPIWP:0xee
mode:DIO, clock div:1
load:0x3fce2820,len:0x1598
load:0x403c8700,len:0xd20
load:0x403cb700,len:0x2f40
entry 0x403c8924
[0;32mI (24) boot: ESP-IDF v6.0-dev-1362-g346870a304-dirty 2nd stage bootloader[0m
[0;32mI (25) boot: compile time Aug  2 2025 17:30:59[0m
[0;32mI (25) boot: Multicore bootloader[0m
[0;32mI (27) boot: chip revision: v0.2[0m
[0;32mI (30) boot: efuse block revision: v1.3[0m
[0;32mI (33) boot.esp32s3: Boot SPI Speed : 80MHz[0m
[0;32mI (37) boot.esp32s3: SPI Mode       : DIO[0m
[0;32mI (41) boot.esp32s3: SPI Flash Size : 2MB[0m
[0;32mI (45) boot: Enabling RNG early entropy source...[0m
[0;32mI (49) boot: Partition Table:[0m
[0;32mI (52) boot: ## Label            Usage          Type ST Offset   Length[0m
[0;32mI (58) boot:  0 nvs              WiFi data        01 02 00009000 00006000[0m
[0;32mI (65) boot:  1 phy_init         RF data          01 01 0000f000 00001000[0m
[0;32mI (71) boot:  2 factory          factory app      00 00 00010000 00100000[0m
[0;32mI (78) boot: End of partition table[0m
[0;32mI (81) esp_image: segment 0: paddr=00010020 vaddr=3c020020 size=0a0ech ( 41196) map[0m
[0;32mI (96) esp_image: segment 1: paddr=0001a114 vaddr=3fc92600 size=02cc4h ( 11460) load[0m
[0;32mI (98) esp_image: segment 2: paddr=0001cde0 vaddr=40374000 size=03238h ( 12856) load[0m
[0;32mI (106) esp_image: segment 3: paddr=00020020 vaddr=42000020 size=14868h ( 84072) map[0m
[0;32mI (126) esp_image: segment 4: paddr=00034890 vaddr=40377238 size=0b2bch ( 45756) load[0m
[0;32mI (136) esp_image: segment 5: paddr=0003fb54 vaddr=50000000 size=00020h (    32) load[0m
[0;32mI (142) boot: Loaded app from partition at offset 0x10000[0m
[0;32mI (142) boot: Disabling RNG early entropy source...[0m
[0;32mI (154) cpu_start: Multicore app[0m
[0;32mI (163) cpu_start: Pro cpu start user code[0m
[0;32mI (163) cpu_start: cpu freq: 160000000 Hz[0m
[0;32mI (163) app_init: Application information:[0m
[0;32mI (163) app_init: Project name:     kyber-esp32[0m
[0;32mI (167) app_init: App version:      1[0m
[0;32mI (170) app_init: Compile time:     Aug  2 2025 17:30:53[0m
[0;32mI (176) app_init: ELF file SHA256:  51bf3e573...[0m
[0;32mI (180) app_init: ESP-IDF:          v6.0-dev-1362-g346870a304-dirty[0m
[0;32mI (186) efuse_init: Min chip rev:     v0.0[0m
[0;32mI (190) efuse_init: Max chip rev:     v0.99 [0m
[0;32mI (194) efuse_init: Chip rev:         v0.2[0m
[0;32mI (198) heap_init: Initializing. RAM available for dynamic allocation:[0m
[0;32mI (204) heap_init: At 3FC963A0 len 00053370 (332 KiB): RAM[0m
[0;32mI (209) heap_init: At 3FCE9710 len 00005724 (21 KiB): RAM[0m
[0;32mI (214) heap_init: At 3FCF0000 len 00008000 (32 KiB): DRAM[0m
[0;32mI (219) heap_init: At 600FE000 len 00001FE8 (7 KiB): RTCRAM[0m
[0;32mI (226) spi_flash: detected chip: generic[0m
[0;32mI (228) spi_flash: flash io: dio[0m
[0;33mW (231) spi_flash: Detected size(16384k) larger than the size in the binary image header(2048k). Using the size in the binary image header.[0m
[0;32mI (244) sleep_gpio: Configure to isolate all GPIO pins in sleep state[0m
[0;32mI (250) sleep_gpio: Enable automatic switching of GPIO sleep configuration[0m
[0;32mI (257) main_task: Started on CPU0[0m
[0;32mI (277) main_task: Calling app_main()[0m
Seed usada:
6034DF902B7B5CB47B6F86A52FE58DDA97F18E1D287A155CBC47B85A6637FA77

Matriz A generada:
A[0][0]: 1407 1380 83 129 
A[0][1]: 2391 670 2675 95 
A[1][0]: 1306 712 286 2976 
A[1][1]: 542 2334 1764 3231 
